0000=music.data0
28A6=music.stack
28A7=music.play2
28AD=@loop
28D7=STARTPLAYER
28DD=PLAYROUTINE
28E5=BYTE0
28ED=BYTE1
28F6=BYTE2
28FF=BYTE3
2908=BYTE4
2911=BYTE5
291A=BYTE6
2924=BYTE7
292D=BYTEA
2938=BYTE8
2941=BYTE9
294A=BYTEB
2954=BYTE10
295D=BYTE11
2966=BYTE14
2973=BYTE15
297D=BYTE16
2986=BYTE17
298F=BYTE18
2999=BYTE19
29A3=AFTERSOUNDCHIP
29B5=NOPATTERND
29CA=NEXTCOMMAND1
29D0=JRSTARTS
2A3F=DONEWTEMPO
2A47=DOPATTDELAY
2A50=DOJUMPLOOP
2A68=DONEREPEAT
2A6E=NEWREPEAT
2A87=DONEWSONGPOS
2A93=YESSONGPOS
2A9B=DOPATTBREAK
2AB6=NOLOOPSONG
2ACB=DOENVELOPE1
2AD4=DOENVELOPE2
2ADD=DOCUTNOTE1
2AED=DONOCOMMAND1
2AF8=DOSETVOLUME1
2B0D=DOSETCHORD1
2B34=DOUPSLIDE1
2B4E=DODNSLIDE1
2B65=DOPORTAMENTO1
2B81=PORTAMDN1
2B98=PORTAMUP1
2BAF=DOREPORTAM1
2BBB=DOVIBRATO1
2BD6=DOTREMOLO1
2BF1=DOCUTCHANNEL1
2C04=DODELAYNOTE1
2C19=DONOORN1
2C20=DONOORNINS1
2C27=DONEWORN1
2C46=DONEWBOTH1
2C62=DONEWINST1
2C7E=DONOTE1
2CA7=AFTERCHANGES1
2CA8=NEXTCOMMAND2
2D05=DOCUTNOTE2
2D15=DONOCOMMAND2
2D20=DOSETVOLUME2
2D35=DOSETCHORD2
2D5C=DOUPSLIDE2
2D76=DODNSLIDE2
2D8D=DOPORTAMENTO2
2DA9=PORTAMDN2
2DC0=PORTAMUP2
2DD7=DOREPORTAM2
2DE3=DOVIBRATO2
2DFE=DOTREMOLO2
2E19=DOCUTCHANNEL2
2E2C=DODELAYNOTE2
2E41=DONOORN2
2E48=DONOORNINS2
2E4F=DONEWORN2
2E6E=DONEWBOTH2
2E8A=DONEWINST2
2EA6=DONOTE2
2ECF=AFTERCHANGES2
2ED0=NEXTCOMMAND3
2F2A=DOCUTNOTE3
2F3A=DONOCOMMAND3
2F45=DOSETVOLUME3
2F5A=DOSETCHORD3
2F81=DOUPSLIDE3
2F9B=DODNSLIDE3
2FB2=DOPORTAMENTO3
2FCE=PORTAMDN3
2FE5=PORTAMUP3
2FFC=DOREPORTAM3
3008=DOVIBRATO3
3023=DOTREMOLO3
303E=DOCUTCHANNEL3
3051=DODELAYNOTE3
3066=DONOORN3
306D=DONOORNINS3
3074=DONEWORN3
3093=DONEWBOTH3
30AF=DONEWINST3
30CB=DONOTE3
30F4=AFTERCHANGES3
30F5=NEXTCOMMAND4
314C=DOCUTNOTE4
315C=DONOCOMMAND4
3167=DOSETVOLUME4
317C=DOSETCHORD4
31A3=DOUPSLIDE4
31BD=DODNSLIDE4
31D4=DOPORTAMENTO4
31F0=PORTAMDN4
3207=PORTAMUP4
321E=DOREPORTAM4
322A=DOVIBRATO4
3245=DOTREMOLO4
3260=DOCUTCHANNEL4
3273=DODELAYNOTE4
3288=DONOORN4
328F=DONOORNINS4
3296=DONEWORN4
32B5=DONEWBOTH4
32D1=DONEWINST4
32ED=DONOTE4
3316=AFTERCHANGES4
3317=NEXTCOMMAND5
336B=DOCUTNOTE5
337B=DONOCOMMAND5
3386=DOSETVOLUME5
339B=DOSETCHORD5
33C2=DOUPSLIDE5
33DC=DODNSLIDE5
33F3=DOPORTAMENTO5
340F=PORTAMDN5
3426=PORTAMUP5
343D=DOREPORTAM5
3449=DOVIBRATO5
3464=DOTREMOLO5
347F=DOCUTCHANNEL5
3492=DODELAYNOTE5
34A7=DONOORN5
34AE=DONOORNINS5
34B5=DONEWORN5
34D4=DONEWBOTH5
34F0=DONEWINST5
350C=DONOTE5
3535=AFTERCHANGES5
3536=NEXTCOMMAND6
3587=DOCUTNOTE6
3597=DONOCOMMAND6
35A2=DOSETVOLUME6
35B7=DOSETCHORD6
35DE=DOUPSLIDE6
35F8=DODNSLIDE6
360F=DOPORTAMENTO6
362B=PORTAMDN6
3642=PORTAMUP6
3659=DOREPORTAM6
3665=DOVIBRATO6
3680=DOTREMOLO6
369B=DOCUTCHANNEL6
36AE=DODELAYNOTE6
36C3=DONOORN6
36CA=DONOORNINS6
36D1=DONEWORN6
36F0=DONEWBOTH6
370C=DONEWINST6
3728=DONOTE6
3751=AFTERCHANGES6
3753=SETADDR
3757=AFTERSETADDR
375B=PATDELAYTEMPO
375D=NOCHANGES
3774=NODELAY1
3782=NOCUT1
3797=DOCH1
37B7=FREQ1
37C1=NOISE1
37E4=AFTERORN1
37EA=ENDEDORN1
37ED=JPSETVOLUME1
37F5=NORESETVOLL1
37FE=NORESETVOLR1
3803=JPVIBRATO1
3821=OCTAVIBRA1
3827=JPTREMOLO1
3845=OKAYTLCHAN1
385A=OKAYTRCHAN1
3866=JPCHORD1_1
387D=JPCHORD1_2
3894=JPCHORD1_0
389C=JPUPSLIDE1
38B8=NOTOKAYUP1
38C8=JPDNSLIDE1
38E4=NOTOKAYDN1
38F4=AFTERCOMMAND1
3904=OKAYTONE1
390C=AFTERCH1
391E=NODELAY2
392C=NOCUT2
3941=DOCH2
3963=FREQ2
396F=NOISE2
3992=AFTERORN2
3998=ENDEDORN2
399B=JPSETVOLUME2
39A3=NORESETVOLL2
39AC=NORESETVOLR2
39B1=JPVIBRATO2
39CF=OCTAVIBRA2
39D5=JPTREMOLO2
39F3=OKAYTLCHAN2
3A08=OKAYTRCHAN2
3A14=JPCHORD2_1
3A2B=JPCHORD2_2
3A42=JPCHORD2_0
3A4A=JPUPSLIDE2
3A66=NOTOKAYUP2
3A76=JPDNSLIDE2
3A92=NOTOKAYDN2
3AA2=AFTERCOMMAND2
3AB2=OKAYTONE2
3ABF=AFTERCH2
3AD9=NODELAY3
3AE7=NOCUT3
3AFC=DOCH3
3B1E=FREQ3
3B2A=NOISE3
3B4D=AFTERORN3
3B53=ENDEDORN3
3B56=JPSETVOLUME3
3B5E=NORESETVOLL3
3B67=NORESETVOLR3
3B6C=JPVIBRATO3
3B8A=OCTAVIBRA3
3B90=JPTREMOLO3
3BAE=OKAYTLCHAN3
3BC3=OKAYTRCHAN3
3BCF=JPCHORD3_1
3BE6=JPCHORD3_2
3BFD=JPCHORD3_0
3C05=JPUPSLIDE3
3C21=NOTOKAYUP3
3C31=JPDNSLIDE3
3C4D=NOTOKAYDN3
3C5D=AFTERCOMMAND3
3C6D=OKAYTONE3
3C75=AFTERCH3
3C87=NODELAY4
3C95=NOCUT4
3CAA=DOCH4
3CCB=FREQ4
3CDB=NOISE4
3CFE=AFTERORN4
3D04=ENDEDORN4
3D07=JPSETVOLUME4
3D0F=NORESETVOLL4
3D18=NORESETVOLR4
3D1D=JPVIBRATO4
3D3B=OCTAVIBRA4
3D41=JPTREMOLO4
3D5F=OKAYTLCHAN4
3D74=OKAYTRCHAN4
3D80=JPCHORD4_1
3D97=JPCHORD4_2
3DAE=JPCHORD4_0
3DB6=JPUPSLIDE4
3DD2=NOTOKAYUP4
3DE2=JPDNSLIDE4
3DFE=NOTOKAYDN4
3E0E=AFTERCOMMAND4
3E1E=OKAYTONE4
3E2B=AFTERCH4
3E45=NODELAY5
3E53=NOCUT5
3E68=DOCH5
3E89=FREQ5
3E99=NOISE5
3EBC=AFTERORN5
3EC2=ENDEDORN5
3EC5=JPSETVOLUME5
3ECD=NORESETVOLL5
3ED6=NORESETVOLR5
3EDB=JPVIBRATO5
3EF9=OCTAVIBRA5
3EFF=JPTREMOLO5
3F1D=OKAYTLCHAN5
3F32=OKAYTRCHAN5
3F3E=JPCHORD5_1
3F55=JPCHORD5_2
3F6C=JPCHORD5_0
3F74=JPUPSLIDE5
3F90=NOTOKAYUP5
3FA0=JPDNSLIDE5
3FBC=NOTOKAYDN5
3FCC=AFTERCOMMAND5
3FDC=OKAYTONE5
3FE4=AFTERCH5
3FF6=NODELAY6
4004=NOCUT6
4019=DOCH6
403A=FREQ6
404A=NOISE6
406D=AFTERORN6
4073=ENDEDORN6
4076=JPSETVOLUME6
407E=NORESETVOLL6
4087=NORESETVOLR6
408C=JPVIBRATO6
40AA=OCTAVIBRA6
40B0=JPTREMOLO6
40CE=OKAYTLCHAN6
40E3=OKAYTRCHAN6
40EF=JPCHORD6_1
4106=JPCHORD6_2
411D=JPCHORD6_0
4125=JPUPSLIDE6
4141=NOTOKAYUP6
4151=JPDNSLIDE6
416D=NOTOKAYDN6
417D=AFTERCOMMAND6
418D=OKAYTONE6
419A=AFTERCH6
41B0=RPLAYERDASH
41B5=SILENTLOOP
4300=VIBRATABLE
4700=SEMITONETABLE
4710=ADDORNAMENT
47D0=SOUNDTABLE
47E4=ENDPLAYER
480C=@noround
480F=@no_fade
4813=@skip
481A=@loop
4900=music.volume_table
6161=int.start
6182=@jump_addr
618C=int.set
619D=@rest_hi
61A5=@rest_sp
61AC=int.stack.tiny
61BA=@save_regs
61E8=int.ll.off
61ED=int.end
622D=jump.stack
6257=@rest_sp
625B=jump.scrollHLBC
625D=@loop
627C=jump.copy_screen
6292=@loop
62DE=@rest_sp
62E2=jump.save_screen
62F6=@loop
6342=@rest_sp
6346=jump.qprintIX
6367=@skip
6373=@skip
638C=@jump
6393=@stack
639A=pipe.bottom.replace_bgdIX
639E=pipe.top.replace_bgdIX
63A3=@check_full_clearA
63C4=@set_bottom
63CA=@paging
63DC=@rest_sp
63E0=jump.print_frameADE
63FC=@skip
640B=@print_clipped
641B=@print_all
6423=@setup_depth
6439=@y_loop
643A=@print_val
643F=@skip_val
644D=@rest_lo
6451=@rest_sp
6455=jump.print_frame.maskADE
6471=@skip
647D=jump.sprite.print_maskedIX
6491=@get_width_depth
649A=@paging
64B4=@y_loop
64B5=@x_loop
64C3=@skip
64CE=@skip
64D7=@offset
64E0=@rest_lo
64E4=@rest_sp
64E8=jump.sprite.replace_bgdIX
6510=@loop
6513=@width
6522=@rest_sp
6526=jump.print.x_clipIX
653A=@get_width_depth
6548=@left_clip
6577=@skip_val
657B=@print_val
6580=@update_val
6589=@rest_lo
658D=@rest_sp
6591=gfx.print_grab.x_posHLADE
65A6=@print_all
65AE=@setup_depth
65C6=@print_val
65CB=@skip_val
65D9=@rest_lo
65DD=@rest_sp
65E1=jump.clear_grab.x_clipIX
660C=@skip
6620=@y_loop
6621=@print_val
6623=@clear_loop
6627=@update_val
6630=gfx.clear_grab.x_posHLADE
663C=@skip
664B=@print_all
6656=@setup_depth
665E=@y_loop
665F=@print_val
6661=@clear_loop
6665=@update_val
666E=jump.credits.copy_downA
6690=@rest_hi
6694=@rest_sp
6698=comp.mod
66AA=comp.gfx.table.short
6700=comp.jump_tab
6D40=comp.stack
6D41=comp.y_tally
6D42=comp.depth
6D43=comp.width
6D44=comp.create
6D6A=@skip
6D6D=@loop
6D89=@end
6DA5=@rest_hi
6DA9=@rest_sp
6DAD=@compileHDEIY
6DF8=@upd_comp_page
6E09=@clear_buffer
6E17=comp.clip_right_maskIXIY
6E4C=@x_loop
6E4F=@y_loop
6E61=@y_loop2
6E81=@rest_stack
6E8D=@comp_setBC
6E97=@comp_print_byte_masked
6EB5=@check_right_nibble
6ED1=@print_whole_byte
6EDB=@comp_set_counter
6EEF=@comp_2right_test
6EFA=@comp_2down
6F03=@comp_2up
6F0C=@comp_update_move_tally
6F1A=@small_jump
6F25=@big_jump
6F35=@move_up
6F3C=@small_jump
6F47=@big_jump
6F57=@comp_1down
6F63=@comp_1up
6F72=@comp_ret
6F76=comp.clip_left_maskIXIY
6FAB=@x_loop
6FAE=@y_loop
6FC0=@y_loop2
6FE0=@rest_stack
6FEC=@comp_set_counter_left
7010=@comp_2left_test
701B=jump.end
8000=gfx.start
8047=auto.main.stack
8078=gfx.bird2
808C=int.main.stack
808D=curr_palette
808F=house.set_paletteHL
8099=house.set_curr_palette
80A2=house.palette
80B2=house.restore_background_palette
80B8=house.palette_offA
80BB=@loop
80C0=house.clear_screensA
80CF=house.clear_screenA
80DC=house.dbuf.set
80E5=house.dbuf.swap
80F0=gfx.bird3
80F2=@loop
80FA=house.wait_frame
8102=house.wait_lineA
8104=@loop
810C=house.dbuf.off
8113=house.error
8114=@loop
8168=gfx.bird4
81E0=gfx.pipe.head
8200=maths.sin_table
82A4=gfx.pipe.neck
82B2=gfx.num.0
82DA=gfx.num.1
8302=gfx.num.2
832A=gfx.num.3
8352=gfx.num.4
837A=gfx.num.5
83A2=gfx.num.6
83CA=gfx.num.7
83F2=gfx.num.8
8400=maths.multADE
840A=@skip
841A=gfx.num.9
8434=maths.seed
8438=maths.rand
8442=gfx.logo
845E=@loop
8463=@skip
8467=maths.clampABC
846C=@maxAB
8470=maths.modAB
8475=maths.absDE
8482=maths.clampHBD
848B=@maxAB
8492=@end
8495=redefine.msg
84A1=redefine.offsets
84A7=redefine.keyvals
84AD=redefine.k_scanHL
84B0=@k_scan1
84DA=@k_scan2
84DF=@k_scan3
84E6=@key_addresses
84EF=keys.redefine
84F4=key_init_repeat_speed
84F5=key_repeat_speed
84F6=keys.curr
84F7=keys.prev
84F8=keys.processed
84F9=keys.tally_array
8501=keys.repeat_types
8502=keys.redef
850A=keys.mode
850B=keys.input
8525=keys.collect
857E=keys.process
858D=@key_loop
859E=@check_repeat_type
85A9=@check_delay
85B1=@set_on
85B6=@key_up
85BA=@next_key
85CA=font.data
888E=gfx.space
896E=gfx.clouds
8A9A=gfx.game_over
8E2A=gfx.scenery
9076=gfx.tap_flap
912E=font.data.end
9197=gfx.new
91D7=gfx.pause
9239=gfx.play
929B=gfx.music
92FD=gfx.silence
935F=gfx.sfx
93C1=gfx.sfx_off
9423=gfx.scroll_data.end
9D00=font.colourise_table
9E00=font.set_masked
9E07=font.set_simple
9E0E=font.set_colourisedHL
9E1B=@loop1
9E2B=@loop2
9E35=@loop3
9E36=@top_nib
9E42=font.set_colA
9E4E=font.print_string.colHL
9E53=font.print_stringHL
9E57=font.print_stringHLDE
9E58=@chr_loop
9E6D=@skip_cr
9E73=@quit
9E75=font.print_charADE
9E82=@print
9E8B=@next
9EB3=@skip
9EB5=@colour_val
9EB7=@print_loop
9EBA=@print_type
9ED2=@simple_print
9ED6=@masked_print
9EE3=@colour
9EE4=@next
9EF1=@colour
9EF2=@next
9EF6=@colourised_print
9F05=@next
9F14=@next
9F18=font.print_hex_byteADE
9F39=font.print_hex_wordHLDE
9F44=font.hex_string
9F54=font.ascii_table
A00A=game.attract.prep1
A01F=game.attract.prep2
A036=game.attract.run
A054=@check_start
A06C=game.reset
A08B=game.run
A0B4=game.dying
A0D2=game.game_over
A0EF=game.scoreboard.init
A100=game.scoreboard.wait
A116=game.prep_512k_only
A12C=game.run_512K_only
A130=sprite.save_screen.on
A131=disp.game
A147=@next
A163=int.new_frames_elapsed.live
A164=int.new_frames_elapsed
A165=int.sprites.on
A166=int.next
A168=int.jump
A16A=int.reset
A16C=int.white_toggle
A16D=int.block_pal_set.on
A16E=int.setup
A18C=@rest_lo
A191=@install
A1AB=int.ll.installHL
A1B8=@install
A1CD=int.onHLDE
A1DD=int.handler.src
A269=sprite.frames
A321=sprite.animations
A34D=sprite.hero.coast
A350=sprite.hero.flap
A359=sprite.hero.hit
A35E=sprite.pipe.head
A361=sprite.pipe.neck
A364=sprite.logo
A367=sprite.space
A36A=sprite.clouds
A36D=sprite.scenery
A370=sprite.tap_flap
A373=sprite.new
A376=sprite.gover
A379=sprite.0
A37C=sprite.1
A37F=sprite.2
A382=sprite.3
A385=sprite.4
A388=sprite.5
A38B=sprite.6
A38E=sprite.7
A391=sprite.8
A394=sprite.9
A397=sprite.reset.on
A398=sprite.ll.count
A399=sprite.ll.first
A39B=sprite.ll.final
A39D=sprite.slots.init_all
A3BD=sprite.slot.clearIX
A3D2=sprite.slot.clearHL
A3E5=sprite.slot.find_new
A3EE=@loop
A3F6=sprite.ll.append
A40B=@add_first
A451=sprite.ll.insert_afterIX
A4C4=@skip
A4CC=@skip
A4D2=sprite.ll.insert_beforeIX
A53F=@skip
A54C=@skip
A552=sprite.ll.deleteIX
A567=@get_nodes
A585=@set_first_node
A589=@set_next
A59B=@set_final_node
A59F=@erase_node
A5A5=sprite.ll.goto_nextIX
A5BC=sprite.ll.goto_previousIX
A5D3=sprite.set_routsIXHLDEBC
A5E0=@print
A5EB=@update
A5F7=@clear
A5FE=sprite.set_update_routIXHL
A60A=@update
A612=sprite.set_posIXHLDE
A623=sprite.set_xposIXHL
A62E=sprite.set_xposIYHL
A639=sprite.set_yposIXHL
A644=sprite.set_yposIYHL
A64F=sprite.set_rel_posIXIYHLDE
A66A=sprite.set_rel_xposIXIYHL
A67F=sprite.set_rel_yposIXIYHL
A694=sprite.set_dest_posIXHLDE
A6A5=sprite.set_speedIXHLDE
A6B2=sprite.set_xspeedIXHL
A6B9=sprite.set_yspeedIXHL
A6C0=sprite.set_animAIX
A6E3=sprite.set_anim.nullIX
A6E8=sprite.killIX
A6F2=sprite.kill_all
A6FB=@loop
A704=sprite.update_all
A70F=@update_loop
A73F=@right_loop
A743=@skip
A748=@left_loop
A74C=@skip
A74E=@store_x
A76E=@down_loop
A772=@skip
A777=@up_loop
A77B=@skip
A77D=@store_y
A78E=@update_birth_death
A797=@skip
A7B2=@check_delay
A7B9=@update_delay
A7C4=@new_frame
A7D4=@next_loop
A7DD=@user_defined_update
A7EC=@upd_rout
A7EF=@next_node
A7F5=@end
A7F8=sprite.ageIX
A826=sprite.set_posA
A846=gfx.end
A849=@set_pos
A876=@set_x
A88D=@set_y
A8A4=@set_pos_rel
A8E6=@set_xrel
A90D=@set_yrel
A934=sprite.check_dest
A959=@down
A963=@left_right
A97F=@right
A989=@stop
A9CA=sprite.update_frameIX
A9DC=@save_pos
A9E3=@loop_anim
A9EC=@kill_sprite
A9F0=sprite.get_frame_dataIXHL
AA26=sprite.print_all
AA35=@print_loop
AA55=@test_visible
AA65=@print_rout
AA68=@next_node
AA6E=sprite.replace_bgd_all
AA7D=@replace_loop
AA97=@get_clear_rout
AAA0=@clear_rout
AAA3=@next_node
AAA9=hero.sprite_base
AAAB=hero.y
AAAD=hero.y.mom
AAAF=hero.death_timer
AAB0=hero.started
AAB1=hero.ok
AAB2=hero.tap_flap.sprite_base
AAB4=hero.tap_flap.x
AAB6=hero.tap_flap.x.mom
AAB8=hero.tap_flap.timer
AAB9=hero.init
AAF5=hero.move
AB02=@run
AB25=@apply_gravity
AB40=@store
AB44=hero.sprite.updateIX
AB5F=@clamp_top
AB6D=@clamp_bottom
AB8E=@auto_height
ABA5=hero.kill
ABBB=@skip
ABC4=hero.move.dead
ABDC=hero.floored
ABE6=hero.tap_flap.init
ABEC=hero.tap_flap.start
AC24=hero.tap_flap.update
AC34=@update_sign
AC6D=@move_right
AC80=hero.tap_flap.sprite.updateIX
AC8C=scrolly.text
ACAE=scrolly.512k_only.text
ACCF=scrolly.delay
ACD0=scrolly.pos
ACD2=scrolly.pos.next
ACD4=scrolly.print.done
ACD5=scrolly.on
ACD6=scrolly.init
ACE6=@reset_pos
AD03=scrolly.update
AD14=@check_printed
AD1A=@buffer_pos
AD28=@screen_tally
AD3B=@end_message
AD41=attract.print_charADE.buffer
AD4B=@print
AD73=@skip
AD77=@print_loop
AD7A=@char_loop
AD92=@masked_print
AD9F=@colour
ADA0=@next
ADAD=@colour
ADAE=@next
ADB2=scrolly.clear.init
ADB8=scrolly.clear
ADC9=@loop
AE93=attract.gover.y
AE95=attract.gover.y.mom
AE97=attract.gover.timer
AE99=attract.logo.sin.os
AE9A=attract.logo.sprite_base
AE9C=attract.bird.sprite_base
AE9E=attract.space.sprite_base
AEA0=attract.gover.sprite_base
AEA2=attract.bgd.cols
AEB5=attract.print_screen.req
AEB6=attract.print_screen.set
AEBC=attract.print_screen
AEDA=attract.print_background
AEE4=@loop
AEF8=@print_clouds
AEFF=@loop
AF17=@loop
AF2D=@y_loopA
AF48=attract.start_logo
AFBC=attract.logo.update
AFDE=@move_up
AFFF=attract.bird.update
B010=@get_angle
B025=@move_up
B02E=attract.logo_wobble.update
B037=attract.kill_sprites
B053=attract.gover.print
B08A=attract.gover.move
B0C0=attract.gover.sprite.updateIX
B0C7=attract.gover.timer.update
B0D3=attract.start_logo.256
B0F9=attract.logo.update.256
B114=attract.logo_wobble.update.256
B11D=scoreboard.jokesLUT
B14D=@joke1
B162=@joke2
B17B=@joke3
B193=@joke4
B1A8=@joke5
B1C0=@joke6
B1D5=@joke7
B1EE=@joke8
B206=@joke9
B21D=@joke10
B233=@joke11
B24E=@joke12
B267=@joke13
B280=@joke14
B298=@joke15
B2B1=@joke16
B2C8=@joke17
B2E3=@joke18
B2FB=@joke19
B313=@joke20
B329=@joke21
B33E=@joke22
B354=@joke23
B369=@joke24
B380=scoreboard.print_data
B3A5=scoreboard.score.data
B3AD=scoreboard.score.data2
B3B5=scoreboard.best.data
B3BC=scoreboard.best.data2
B3C3=scoreboard.score_cols
B3D3=scoreboard.score_cols2
B3E3=scoreboard.joke_cols
B3F3=scoreboard.joke_cols2
B403=scoreboard.new_best
B404=scoreboard.init.req
B405=scoreboard.rand
B406=scoreboard.init.set
B40C=scoreboard.init
B43F=scoreboard.set_rand
B446=scoreboard.set_best
B45C=@next
B460=scoreboard.print_best
B46A=scoreboard.print_curr
B474=@print_scoreAIX
B47E=@centre
B4C9=@update_tally
B4CB=@print
B4DA=@calc_overall_widthIX
B502=@add_widthADE
B509=@skip
B512=@width_1
B517=scoreboard.print_board
B526=@horiz_bevels
B53A=@vert_bevels
B544=@loop
B553=@loop
B562=@loop
B575=@loop
B57F=scoreboard.print_text
B5B2=@setup_joke
B5CB=@print_joke
B5DE=@next
B5EF=@print_horiz_bevelIX
B605=scoreboard.print_byte_rectHLDEA
B615=@y_loop
B617=@x_loop
B62A=credits.text.green
B668=credits.text.white
B6B4=credits.text.brown
B72D=credits.cols.white
B73D=credits.cols.brown
B74D=credits.cols.green
B75D=credits.print_list
B771=credits.on
B772=credits.mode
B773=credits.icon.music.age
B774=credits.icon.sfx.age
B775=credits.timer
B777=credits.update
B79C=credits.idle
B7B3=credits.init
B7C6=credits.move_logo
B7D2=credits.print_text
B7E1=@loop
B810=@rest_lo
B815=@copy_down_tally
B824=@update_state
B82A=credits.display
B84B=credits.check_sound
B857=credits.icon.music.toggle
B860=credits.icon.sfx.toggle
B869=pipe.print_bottomIX
B86D=pipe.print_topIX
B872=@set_printA
B89A=@bottom
B8A7=@next
B8E1=@print_left_clip
B8F8=@quit
B8FA=@qprint
B8FC=@jump_no_mask
B8FF=@qprint_mask_left
B901=@jump_mask_left
B904=@qprint_mask_right
B906=@jump_mask_right
B909=pipe.print_no_mask
B9C9=pipe.print_no_mask.end
B9CB=pipe.print_mask_left
BC0B=pipe.print_mask_left.end
BC11=pipe.print_mask_right
BE51=pipe.print_mask_right.end
BE57=@print_left_align
BF09=@print_right_align
BFB0=@print_left_align.left_clip
C060=@print_right_align.left_clip
C102=pipe.cleaner.install
C116=@rest_hi
C11B=pipe.cleaner.src
C395=pipe.timer
C396=pipe.speed
C398=pipe.y.start
C39A=pipe.move.on
C39B=pipe.move.stop
C3AF=@loop
C3BF=pipe.move.set_off
C3C5=pipe.init
C3CB=pipe.spawn
C486=@makeDE
C493=pipe.sprite.update
C49F=@kill_sprite
C4AF=pipe.borders.clear
C4BC=@clearHL
C4C1=@loop
C4ED=grass.data
C515=grass.anim
C517=grass.update
C52F=grass.print
C57C=@printHLDEBC
C5B2=@rest_sp
C5B6=jump.prep
C5BA=@loop
C5D4=jump.src
D402=collider.slot.count
D403=collider.slot.data
D453=collider.slot.init
D465=collider.slot.clearHL
D470=collider.slot.find_new
D479=@loop
D481=collider.addIX
D4A6=collider.test_all
D4B8=@loop
D4CE=@test_collider
D4E2=@test2
D4F3=@end
D4F5=@collided
D4F7=@hero_y
D507=@kill_bird
D511=@award_points
D527=@next
D52B=@end
D52D=hud.score
D52F=hud.score.best
D531=hud.digit.sprite_base.0
D533=hud.digit.sprite_base.1
D535=hud.digit.sprite_base.2
D537=hud.init
D542=@loop
D560=@make_digit
D57D=hud.score.reset
D586=hud.score.inc
D595=@update_sprites
D5AC=@skip
D5CE=@skip
D5E8=@skip
D5F1=hud.score.centre
D62D=@calc_overall_width
D655=@add_widthADE
D65C=@skip
D665=@width_1
D66A=music.src
D66C=music.lengths
D66E=music.playing
D66F=music.volume
D670=music.fade.on
D671=music.fade.timer
D672=music.curr_len
D674=music.curr_time
D676=music.speed
D677=music.curr_tune
D678=music.int_mode
D679=music.off
D67F=@loop
D690=music.setA
D6DB=@rest_lo
D6E1=music.play
D6EE=music.loop
D6F9=@test_end
D70F=@play
D712=@update_timer
D719=@rest_lo
D71E=music.set_volA
D72D=@rest_lo
D733=music.get_vol
D740=@rest_lo
D746=sfx.jump_table
D75E=sfx.example.dataADS
D766=@loop
D76C=sfx.example.dataR
D778=sfx.score_point.dataADS
D7AE=sfx.flap.dataADS
D7BD=sfx.click.dataADS
D7C6=sfx.hit_pipe.dataADS
D7FF=sfx.hit_ground.dataADS
D814=sfx.mode
D815=sfx.data
D831=sfx.init.data
D83F=sfx.volume
D900=sfx.volume_table
DA00=sfx.pan_table
DB00=sfx.init.out
DB0F=sfx.soundDABC
DB12=sfx.soundDA
DB19=sfx.setC.out
DB2E=@find_slot_loop
DB3E=@success
DB5A=@find_sound_loop
DB67=@check_release
DB70=@set_sound
DBAE=@rand_size
DBCD=@quit
DBD3=sfx.update.out
DBEE=@rest_lo
DBF7=@process_effects
DC04=@update_loop
DC22=@next_slot
DC2F=sfx.updateIX
DC35=@test_live
DC40=@test_loop
DC4D=@read_pitch
DC6A=@skip
DC78=sfx.attenuateA
DC9A=@outputIY
DCE0=@end
DCE2=sfx.panEHL
DCF0=auto.512k
DCF1=sfx.on
DCF2=music.on
DCF3=demo.mode.on
DCF4=compile.page
DCF5=compile.addr
DCF7=main.start
DD0F=@skip
DD15=main.disp.loop
DD23=disp.state
DD2D=game.state
DD30=main.setup
DD6B=main.test_512K
DD7E=@loop
DD89=@paging
DD8E=auto.end
E1ED=pipe.cleaner.start
E2DC=pipe.replace_column
E2E1=@jump
E464=pipe.replace.end
E467=pipe.cleaner.end
